javac : .\model\Person.java:33: 
error: incompatible types: int 
cannot be converted to String
At line:1 char:1
+ javac main/Main.java > 
../compile_errors.txt 2>&1
+ ~~~~~~~~~~~~~~~~~~~~~~~~~~~~~~~~~
~~~~~~~~~~~~~~~~
    + CategoryInfo          : NotS 
   pecified: (.\model\Person....e  
  rted to String:String) [], Rem   
 oteException
    + FullyQualifiedErrorId : Nati 
   veCommandError
 
            throw new 
InvalidAgeException(age);
                                   
       ^
.\model\Student.java:34: error: 
constructor InvalidNameException 
in class InvalidNameException 
cannot be applied to given types;
            throw new 
InvalidNameException("Student name 
cannot be null or empty");
                  ^
  required: String,String
  found:    String
  reason: actual and formal 
argument lists differ in length
.\model\Teacher.java:30: error: 
constructor InvalidNameException 
in class InvalidNameException 
cannot be applied to given types;
            throw new 
InvalidNameException("Teacher name 
cannot be null or empty");
                  ^
  required: String,String
  found:    String
  reason: actual and formal 
argument lists differ in length
Note: Some messages have been 
simplified; recompile with 
-Xdiags:verbose to get full output
3 errors
